Traceback (most recent call last):
  File "C:\Users\User\Desktop\dinesh-tex\dinesh-tex1\dinesh-tex\backend\app\main.py", line 47, in lifespan
    await conn.run_sync(Base.metadata.create_all)
  File "C:\Users\User\AppData\Local\Programs\Python\Python312\Lib\site-packages\sqlalchemy\ext\asyncio\engine.py", line 886, in run_sync
    return await greenlet_spawn(
           ^^^^^^^^^^^^^^^^^^^^^
  File "C:\Users\User\AppData\Local\Programs\Python\Python312\Lib\site-packages\sqlalchemy\util\_concurrency_py3k.py", line 203, in greenlet_spawn
    result = context.switch(value)
             ^^^^^^^^^^^^^^^^^^^^^
  File "C:\Users\User\AppData\Local\Programs\Python\Python312\Lib\site-packages\sqlalchemy\sql\schema.py", line 5868, in create_all
    bind._run_ddl_visitor(
  File "C:\Users\User\AppData\Local\Programs\Python\Python312\Lib\site-packages\sqlalchemy\engine\base.py", line 2459, in _run_ddl_visitor
    visitorcallable(self.dialect, self, **kwargs).traverse_single(element)
  File "C:\Users\User\AppData\Local\Programs\Python\Python312\Lib\site-packages\sqlalchemy\sql\visitors.py", line 664, in traverse_single
    return meth(obj, **kw)
           ^^^^^^^^^^^^^^^
  File "C:\Users\User\AppData\Local\Programs\Python\Python312\Lib\site-packages\sqlalchemy\sql\ddl.py", line 908, in visit_metadata
    with self.with_ddl_events(
         ^^^^^^^^^^^^^^^^^^^^^
  File "C:\Users\User\AppData\Local\Programs\Python\Python312\Lib\contextlib.py", line 137, in __enter__
    return next(self.gen)
           ^^^^^^^^^^^^^^
  File "C:\Users\User\AppData\Local\Programs\Python\Python312\Lib\site-packages\sqlalchemy\sql\ddl.py", line 822, in with_ddl_events
    target.dispatch.before_create(
  File "C:\Users\User\AppData\Local\Programs\Python\Python312\Lib\site-packages\sqlalchemy\event\attr.py", line 497, in __call__
    fn(*args, **kw)
  File "C:\Users\User\AppData\Local\Programs\Python\Python312\Lib\site-packages\sqlalchemy\util\langhelpers.py", line 852, in __call__
    return getattr(self.target, self.name)(*arg, **kw)
           ^^^^^^^^^^^^^^^^^^^^^^^^^^^^^^^^^^^^^^^^^^^
  File "C:\Users\User\AppData\Local\Programs\Python\Python312\Lib\site-packages\sqlalchemy\sql\sqltypes.py", line 1146, in _on_metadata_create
    t._on_metadata_create(target, bind, **kw)
  File "C:\Users\User\AppData\Local\Programs\Python\Python312\Lib\site-packages\sqlalchemy\dialects\postgresql\named_types.py", line 110, in _on_metadata_create
    self.create(bind=bind, checkfirst=checkfirst)
  File "C:\Users\User\AppData\Local\Programs\Python\Python312\Lib\site-packages\sqlalchemy\dialects\postgresql\named_types.py", line 338, in create
    super().create(bind, checkfirst=checkfirst)
  File "C:\Users\User\AppData\Local\Programs\Python\Python312\Lib\site-packages\sqlalchemy\dialects\postgresql\named_types.py", line 51, in create
    bind._run_ddl_visitor(self.DDLGenerator, self, checkfirst=checkfirst)
  File "C:\Users\User\AppData\Local\Programs\Python\Python312\Lib\site-packages\sqlalchemy\engine\base.py", line 2459, in _run_ddl_visitor
    visitorcallable(self.dialect, self, **kwargs).traverse_single(element)
  File "C:\Users\User\AppData\Local\Programs\Python\Python312\Lib\site-packages\sqlalchemy\sql\visitors.py", line 664, in traverse_single
    return meth(obj, **kw)
           ^^^^^^^^^^^^^^^
  File "C:\Users\User\AppData\Local\Programs\Python\Python312\Lib\site-packages\sqlalchemy\dialects\postgresql\named_types.py", line 153, in visit_enum
    self.connection.execute(CreateEnumType(enum))
  File "C:\Users\User\AppData\Local\Programs\Python\Python312\Lib\site-packages\sqlalchemy\engine\base.py", line 1418, in execute
    return meth(
           ^^^^^
  File "C:\Users\User\AppData\Local\Programs\Python\Python312\Lib\site-packages\sqlalchemy\sql\ddl.py", line 180, in _execute_on_connection
    return connection._execute_ddl(
           ^^^^^^^^^^^^^^^^^^^^^^^^
  File "C:\Users\User\AppData\Local\Programs\Python\Python312\Lib\site-packages\sqlalchemy\engine\base.py", line 1526, in _execute_ddl
    compiled = ddl.compile(
               ^^^^^^^^^^^^
  File "C:\Users\User\AppData\Local\Programs\Python\Python312\Lib\site-packages\sqlalchemy\sql\elements.py", line 308, in compile
    return self._compiler(dialect, **kw)
           ^^^^^^^^^^^^^^^^^^^^^^^^^^^^^
  File "C:\Users\User\AppData\Local\Programs\Python\Python312\Lib\site-packages\sqlalchemy\sql\ddl.py", line 69, in _compiler
    return dialect.ddl_compiler(dialect, self, **kw)
           ^^^^^^^^^^^^^^^^^^^^^^^^^^^^^^^^^^^^^^^^^
  File "C:\Users\User\AppData\Local\Programs\Python\Python312\Lib\site-packages\sqlalchemy\sql\compiler.py", line 870, in __init__
    self.string = self.process(self.statement, **compile_kwargs)
                  ^^^^^^^^^^^^^^^^^^^^^^^^^^^^^^^^^^^^^^^^^^^^^^
  File "C:\Users\User\AppData\Local\Programs\Python\Python312\Lib\site-packages\sqlalchemy\sql\compiler.py", line 915, in process
    return obj._compiler_dispatch(self, **kwargs)
           ^^^^^^^^^^^^^^^^^^^^^^^^^^^^^^^^^^^^^^
  File "C:\Users\User\AppData\Local\Programs\Python\Python312\Lib\site-packages\sqlalchemy\sql\visitors.py", line 141, in _compiler_dispatch
    return meth(self, **kw)  # type: ignore  # noqa: E501
           ^^^^^^^^^^^^^^^^
  File "C:\Users\User\AppData\Local\Programs\Python\Python312\Lib\site-packages\sqlalchemy\dialects\postgresql\base.py", line 2236, in visit_create_enum_type
    self.preparer.format_type(type_),
    ^^^^^^^^^^^^^^^^^^^^^^^^^^^^^^^^
  File "C:\Users\User\AppData\Local\Programs\Python\Python312\Lib\site-packages\sqlalchemy\dialects\postgresql\base.py", line 2728, in format_type
    raise exc.CompileError(
sqlalchemy.exc.CompileError: PostgreSQL AsyncPgEnum type requires a name.
